SELECT `c`.`Id`, `c`.`ContinentId`, `c`.`CreatedAt`, `c`.`Name`, `c0`.`Id`, `c0`.`CreatedAt`, `c0`.`Name`
FROM `Countries` AS `c`
LEFT JOIN `Continents` AS `c0` ON `c`.`ContinentId` = `c0`.`Id`
ORDER BY `c`.`Name`
